// Jest Snapshot v1, https://goo.gl/fbAQLP

exports[`Rockets component test It renders 1`] = `
<div>
  <div
    class="rockets-container"
  >
    <div />
  </div>
</div>
`;
